	.cpu cortex-m0
	.fpu softvfp
	.eabi_attribute 20, 1
	.eabi_attribute 21, 1
	.eabi_attribute 23, 3
	.eabi_attribute 24, 1
	.eabi_attribute 25, 1
	.eabi_attribute 26, 1
	.eabi_attribute 30, 4
	.eabi_attribute 34, 0
	.eabi_attribute 18, 4
	.code	16
	.file	"main.cpp"
	.section	.text._ZSt25__throw_bad_function_callv,"ax",%progbits
	.align	1
	.weak	_ZSt25__throw_bad_function_callv
	.code	16
	.thumb_func
	.type	_ZSt25__throw_bad_function_callv, %function
_ZSt25__throw_bad_function_callv:
.L2:
	b	.L2
	.size	_ZSt25__throw_bad_function_callv, .-_ZSt25__throw_bad_function_callv
	.section	.text._Z5applyRKSt8functionIFviEE,"ax",%progbits
	.align	1
	.global	_Z5applyRKSt8functionIFviEE
	.code	16
	.thumb_func
	.type	_Z5applyRKSt8functionIFviEE, %function
_Z5applyRKSt8functionIFviEE:
	push	{r3, lr}
	ldr	r3, [r0, #8]
	cmp	r3, #0
	bne	.L4
	bl	_ZSt25__throw_bad_function_callv
.L4:
	ldr	r3, [r0, #12]
	mov	r1, #3
	blx	r3
	@ sp needed
	pop	{r3, pc}
	.size	_Z5applyRKSt8functionIFviEE, .-_Z5applyRKSt8functionIFviEE
	.section	.text.startup.main,"ax",%progbits
	.align	1
	.global	main
	.code	16
	.thumb_func
	.type	main, %function
main:
	mov	r0, #0
	@ sp needed
	bx	lr
	.size	main, .-main
	.ident	"GCC: (GNU Tools for ARM Embedded Processors) 4.9.3 20141119 (release) [ARM/embedded-4_9-branch revision 218278]"
